---
source: src/core/template.rs
expression: output
---

# for world
## Uptime is Executed_uptime
- Uptime is now Executed_uptime_now and Executed_echo
## Uptime is Executed_uptime again
more world
### Not {found}

Should inserted Executed_uptime_xxx even with errors

