---
source: tests/list_journals.rs
expression: all_monthly_journals
---
- 2002 11
- 2002 2

