---
source: tests/list_journals.rs
expression: all_daily_journals
---
- 2023 03 08

