---
source: tests/list_journals.rs
expression: all_monthly_journals
---
- "2023"
- "2022"

